Microchip MPLAB XC8 Compiler V2.41

Linker command line:

-W-3 \
  --edf=C:/Program Files/Microchip/MPLABX/v6.15/packs/Microchip/PIC18F-Q_DFP/1.20.405/xc8\pic\dat\20230718171817_en.msgs \
  -pivt0x8=08h -cn -h+dist/default/debug\Demo.X.debug.sym \
  --cmf=dist/default/debug\Demo.X.debug.cmf -z -Q18F57Q43 \
  -oC:\Users\a16690\AppData\Local\Temp\xcAsllg.\driver_tmp_3.o \
  --defsym=__MPLAB_BUILD=1 --fixupoverflow=error \
  -Mdist/default/debug/Demo.X.debug.map \
  --md=C:\Users\a16690\AppData\Local\Temp\xcAsllg.\driver_tmp_0.dat -E1 \
  -ver=XC8 Compiler --acfsm=1493 -ACODE=00h-01FFFFh -ACONST=00h-01FFFFh \
  -ASMALLCONST=02600h-026FFhx474 \
  -AMEDIUMCONST=02600h-0FFFFh,012600h-01FFFFh -ACOMRAM=0501h-055Fh \
  -AABS1=0500h-024FFh -ABIGRAM=0501h-024FFh \
  -ARAM=0560h-05FFh,0600h-06FFhx31 -ABANK5=0560h-05FFh -ABANK6=0600h-06FFh \
  -ABANK7=0700h-07FFh -ABANK8=0800h-08FFh -ABANK9=0900h-09FFh \
  -ABANK10=0A00h-0AFFh -ABANK11=0B00h-0BFFh -ABANK12=0C00h-0CFFh \
  -ABANK13=0D00h-0DFFh -ABANK14=0E00h-0EFFh -ABANK15=0F00h-0FFFh \
  -ABANK16=01000h-010FFh -ABANK17=01100h-011FFh -ABANK18=01200h-012FFh \
  -ABANK19=01300h-013FFh -ABANK20=01400h-014FFh -ABANK21=01500h-015FFh \
  -ABANK22=01600h-016FFh -ABANK23=01700h-017FFh -ABANK24=01800h-018FFh \
  -ABANK25=01900h-019FFh -ABANK26=01A00h-01AFFh -ABANK27=01B00h-01BFFh \
  -ABANK28=01C00h-01CFFh -ABANK29=01D00h-01DFFh -ABANK30=01E00h-01EFFh \
  -ABANK31=01F00h-01FFFh -ABANK32=02000h-020FFh -ABANK33=02100h-021FFh \
  -ABANK34=02200h-022FFh -ABANK35=02300h-023FFh -ABANK36=02400h-024FFh \
  -ASFR=00h-0FFhx4,0400h-045Fh,0460h-04FFh,02500h-025FFh \
  -ABIGSFR=00h-04FFh,02500h-025FFh -ACONFIG=0300000h-0300011h \
  -AIDLOC=0200000h-020003Fh -AEEDATA=0380000h-03803FFh -peeprom_data=EEDATA \
  -preset_vec=00h -ppowerup=CODE,init -pramtop=02600h \
  -psmallconst=SMALLCONST -pmediumconst=MEDIUMCONST -pconst=CONST \
  -AFARRAM=00h-00h \
  -prdata=COMRAM,nvrram=COMRAM,nvbit=COMRAM,rbss=COMRAM,rbit=COMRAM \
  -pfarbss=FARRAM,fardata=FARRAM,nvFARRAM=FARRAM \
  -pintsave_regs=BIGRAM,bigbss=BIGRAM,bigdata=BIGRAM -pbss=RAM \
  -pidata=CODE,irdata=CODE,ibigdata=CODE,ifardata=CODE -prparam=COMRAM \
  C:\Users\a16690\AppData\Local\Temp\xcAsllg.\driver_tmp_14.o \
  dist/default/debug\Demo.X.debug.o 

Object code version is 3.11

Machine type is 18F57Q43



                Name                               Link     Load   Length Selector   Space Scale
C:\Users\a16690\AppData\Local\Temp\xcAsllg.\driver_tmp_14.o
                config                           300000   300000        A        0       4
                init                                 1A       1A        4        4       0
                reset_vec                             0        0        4        0       0
dist/default/debug\Demo.X.debug.o
                config                           300000   300000        A        0       4
                smallconst                         2600     2600       B0     1300       0
                ivt0x8                                8        8       12        4       0
                text52                             56B0     56B0        8     1358       0
                text51                             54DA     54DA       34     1358       0
                text50                             3590     3590      4C0     1358       0
                text49                             54A4     54A4       36     1358       0
                text48                             550E     550E       2A     1358       0
                text47                             53BE     53BE       40     1358       0
                text46                             56C0     56C0        2     1358       0
                text45                             56BE     56BE        2     1358       0
                text44                             4AEC     4AEC       F0     1358       0
                text43                             546E     546E       36     1358       0
                text42                             4CB6     4CB6       D2     1358       0
                text41                             560A     560A       1C     1358       0
                text40                             56A2     56A2        E     1358       0
                text39                             5694     5694        E     1358       0
                text38                             5686     5686        E     1358       0
                text37                             537E     537E       40     1358       0
                text36                             4BDC     4BDC       DA     1358       0
                text35                             5678     5678        E     1358       0
                text34                             566A     566A        E     1358       0
                text33                             51C2     51C2       54     1358       0
                text32                             55CA     55CA       22     1358       0
                text31                             55A8     55A8       22     1358       0
                text30                             5586     5586       22     1358       0
                text29                             4F20     4F20       C2     1358       0
                text28                             5654     5654       16     1358       0
                text27                             56B8     56B8        6     1358       0
                text26                             3E7A     3E7A      39A     1358       0
                text25                             4FE2     4FE2       AA     1358       0
                text24                             48EA     48EA      104     1358       0
                text23                             3A50     3A50      42A     1358       0
                text22                             5436     5436       38     1358       0
                text21                             30D0     30D0      4C0     1358       0
                text20                             52B0     52B0       46     1358       0
                text19                             47E4     47E4      106     1358       0
                text18                             49EE     49EE       FE     1358       0
                text17                             4498     4498      216     1358       0
                text16                             5106     5106       66     1358       0
                text15                             5216     5216       50     1358       0
                text14                             563E     563E       16     1358       0
                text13                             5266     5266       4A     1358       0
                text12                             55EC     55EC       1E     1358       0
                text11                             4E56     4E56       CA     1358       0
                text10                             533A     533A       44     1358       0
                text9                              508C     508C       7A     1358       0
                text8                              52F6     52F6       44     1358       0
                text7                              26B0     26B0      A20     1358       0
                text6                              5560     5560       26     1358       0
                text5                              4D88     4D88       CE     1358       0
                text4                              4214     4214      284     1358       0
                text3                              516C     516C       56     1358       0
                text2                              5538     5538       28     1358       0
                text1                              46AE     46AE      136     1358       0
                text0                              5626     5626       18     1358       0
                cstackCOMRAM                        501      501       39      501       1
                cstackBANK5                         560      560       4E      560       1
                cstackBANK6                         650      650       10      600       1
                bssBANK6                            600      600       50      600       1
                bssBANK5                            5AE      5AE       45      560       1
                bssCOMRAM                           53A      53A       13      501       1
                cinit                              53FE     53FE       38     1358       0
                nvBANK5                             5F3      5F3        C      560       1

TOTAL           Name                               Link     Load   Length     Space
        CLASS   CODE           
                init                                 1A       1A        4         0
                reset_vec                             0        0        4         0
                ivt0x8                                8        8       12         0
                text52                             56B0     56B0        8         0
                text51                             54DA     54DA       34         0
                text50                             3590     3590      4C0         0
                text49                             54A4     54A4       36         0
                text48                             550E     550E       2A         0
                text47                             53BE     53BE       40         0
                text46                             56C0     56C0        2         0
                text45                             56BE     56BE        2         0
                text44                             4AEC     4AEC       F0         0
                text43                             546E     546E       36         0
                text42                             4CB6     4CB6       D2         0
                text41                             560A     560A       1C         0
                text40                             56A2     56A2        E         0
                text39                             5694     5694        E         0
                text38                             5686     5686        E         0
                text37                             537E     537E       40         0
                text36                             4BDC     4BDC       DA         0
                text35                             5678     5678        E         0
                text34                             566A     566A        E         0
                text33                             51C2     51C2       54         0
                text32                             55CA     55CA       22         0
                text31                             55A8     55A8       22         0
                text30                             5586     5586       22         0
                text29                             4F20     4F20       C2         0
                text28                             5654     5654       16         0
                text27                             56B8     56B8        6         0
                text26                             3E7A     3E7A      39A         0
                text25                             4FE2     4FE2       AA         0
                text24                             48EA     48EA      104         0
                text23                             3A50     3A50      42A         0
                text22                             5436     5436       38         0
                text21                             30D0     30D0      4C0         0
                text20                             52B0     52B0       46         0
                text19                             47E4     47E4      106         0
                text18                             49EE     49EE       FE         0
                text17                             4498     4498      216         0
                text16                             5106     5106       66         0
                text15                             5216     5216       50         0
                text14                             563E     563E       16         0
                text13                             5266     5266       4A         0
                text12                             55EC     55EC       1E         0
                text11                             4E56     4E56       CA         0
                text10                             533A     533A       44         0
                text9                              508C     508C       7A         0
                text8                              52F6     52F6       44         0
                text7                              26B0     26B0      A20         0
                text6                              5560     5560       26         0
                text5                              4D88     4D88       CE         0
                text4                              4214     4214      284         0
                text3                              516C     516C       56         0
                text2                              5538     5538       28         0
                text1                              46AE     46AE      136         0
                text0                              5626     5626       18         0
                cinit                              53FE     53FE       38         0

        CLASS   CONST          

        CLASS   SMALLCONST     
                smallconst                         2600     2600       B0         0

        CLASS   MEDIUMCONST    

        CLASS   COMRAM         
                cstackCOMRAM                        501      501       39         1
                bssCOMRAM                           53A      53A       13         1

        CLASS   ABS1           

        CLASS   BIGRAM         

        CLASS   RAM            

        CLASS   BANK5          
                cstackBANK5                         560      560       4E         1
                bssBANK5                            5AE      5AE       45         1
                nvBANK5                             5F3      5F3        C         1

        CLASS   BANK6          
                cstackBANK6                         650      650       10         1
                bssBANK6                            600      600       50         1

        CLASS   BANK7          

        CLASS   BANK8          

        CLASS   BANK9          

        CLASS   BANK10         

        CLASS   BANK11         

        CLASS   BANK12         

        CLASS   BANK13         

        CLASS   BANK14         

        CLASS   BANK15         

        CLASS   BANK16         

        CLASS   BANK17         

        CLASS   BANK18         

        CLASS   BANK19         

        CLASS   BANK20         

        CLASS   BANK21         

        CLASS   BANK22         

        CLASS   BANK23         

        CLASS   BANK24         

        CLASS   BANK25         

        CLASS   BANK26         

        CLASS   BANK27         

        CLASS   BANK28         

        CLASS   BANK29         

        CLASS   BANK30         

        CLASS   BANK31         

        CLASS   BANK32         

        CLASS   BANK33         

        CLASS   BANK34         

        CLASS   BANK35         

        CLASS   BANK36         

        CLASS   SFR            

        CLASS   BIGSFR         

        CLASS   CONFIG         
                config                           300000   300000        A         4

        CLASS   IDLOC          

        CLASS   EEDATA         

        CLASS   FARRAM         

        CLASS   HEAP           

        CLASS   STACK          



SEGMENTS        Name                           Load    Length   Top    Selector   Space  Class

                reset_vec                      000000  000004  000004         0       0  CODE    
                ivt0x8                         000008  000016  00001E         4       0  CODE    
                cstackCOMRAM                   000501  00004C  00054D       501       1  COMRAM  
                cstackBANK5                    000560  00009F  0005FF       560       1  BANK5   
                bssBANK6                       000600  000060  000660       600       1  BANK6   
                smallconst                     002600  0000B0  0026B0      1300       0  SMALLCON
                text7                          0026B0  003012  0056C2      1358       0  CODE    


UNUSED ADDRESS RANGES

        Name                Unused          Largest block    Delta
        BANK10           000A00-000AFF              100
        BANK11           000B00-000BFF              100
        BANK12           000C00-000CFF              100
        BANK13           000D00-000DFF              100
        BANK14           000E00-000EFF              100
        BANK15           000F00-000FFF              100
        BANK16           001000-0010FF              100
        BANK17           001100-0011FF              100
        BANK18           001200-0012FF              100
        BANK19           001300-0013FF              100
        BANK20           001400-0014FF              100
        BANK21           001500-0015FF              100
        BANK22           001600-0016FF              100
        BANK23           001700-0017FF              100
        BANK24           001800-0018FF              100
        BANK25           001900-0019FF              100
        BANK26           001A00-001AFF              100
        BANK27           001B00-001BFF              100
        BANK28           001C00-001CFF              100
        BANK29           001D00-001DFF              100
        BANK30           001E00-001EFF              100
        BANK31           001F00-001FFF              100
        BANK32           002000-0020FF              100
        BANK33           002100-0021FF              100
        BANK34           002200-0022FF              100
        BANK35           002300-0023FF              100
        BANK36           002400-0024FF              100
        BANK5            0005FF-0005FF                1
        BANK6            000660-0006FF               A0
        BANK7            000700-0007FF              100
        BANK8            000800-0008FF              100
        BANK9            000900-0009FF              100
        BIGRAM           00054D-00055F               13
                         0005FF-0005FF                1
                         000660-0024FF             1EA0
        BIGSFR           000000-0004FF              500
                         002500-0025FF              100
        CODE             000004-000007                4
                         00001E-0025FF             25E2
                         0056C2-01FFFF            1A93E
        COMRAM           00054D-00055F               13
        CONFIG           30000A-300011                8
        CONST            000004-000007                4
                         00001E-0025FF             25E2
                         0056C2-01FFFF            1A93E
        EEDATA           380000-3803FF              400
        IDLOC            200000-20003F               40
        MEDIUMCONST      0056C2-00FFFF             A93E
                         012600-01FFFF             DA00
        RAM              0005FF-0005FF                1
                         000660-0024FF              100
        SFR              000000-0004FF              100
                         002500-0025FF              100
        SMALLCONST       0056C2-01FFFF              100

                                  Symbol Table

?___fladd                                          cstackCOMRAM 000513
?___fldiv                                          cstackCOMRAM 000513
?___flmul                                          cstackCOMRAM 000513
?___flneg                                          cstackCOMRAM 000513
?___flsub                                          cstackCOMRAM 00052C
?___fltol                                          cstackCOMRAM 000513
?___fpclassifyf                                    cstackCOMRAM 000513
?___wmul                                           cstackCOMRAM 000513
?_floorf                                           cstackCOMRAM 00052C
?_labs                                             cstackCOMRAM 000513
?_printf                                           cstackBANK6  000656
?_read_prec_or_width                               cstackCOMRAM 000519
?_vfprintf                                         cstackBANK6  000650
?i2___fladd                                        cstackCOMRAM 000501
INT0_SetInterruptHandler@InterruptHandler          cstackCOMRAM 000513
INT1_SetInterruptHandler@InterruptHandler          cstackCOMRAM 000513
INT2_SetInterruptHandler@InterruptHandler          cstackCOMRAM 000513
IVTBASEH                                           (abs)        00045E
IVTBASEL                                           (abs)        00045D
IVTBASEU                                           (abs)        00045F
TMR1_GateCallbackRegister@CallbackHandler          cstackCOMRAM 000513
TMR1_OverflowCallbackRegister@CallbackHandler      cstackCOMRAM 000513
TMR1_Write@timerVal                                cstackCOMRAM 000501
UART1_FramingErrorCallbackRegister@callbackHandler cstackCOMRAM 000513
UART1_OverrunErrorCallbackRegister@callbackHandler cstackCOMRAM 000513
UART1_ParityErrorCallbackRegister@callbackHandler  cstackCOMRAM 000513
UART1_ReceiveISR@regValue                          cstackCOMRAM 000501
UART1_ReceiveISR@tempRxHead                        cstackCOMRAM 000502
UART1_TransmitISR@tempTxTail                       cstackCOMRAM 000501
UART1_Write@tempTxHead                             cstackCOMRAM 000513
UART1_Write@txData                                 cstackCOMRAM 000514
_ACTCON                                            (abs)        0000AC
_ANSELA                                            (abs)        000400
_ANSELB                                            (abs)        000408
_ANSELC                                            (abs)        000410
_ANSELD                                            (abs)        000418
_ANSELE                                            (abs)        000420
_ANSELF                                            (abs)        000428
_CLOCK_Initialize                                  text41       00560A
_INLVLA                                            (abs)        000404
_INLVLB                                            (abs)        00040C
_INLVLC                                            (abs)        000414
_INLVLD                                            (abs)        00041C
_INLVLE                                            (abs)        000424
_INLVLF                                            (abs)        00042C
_INT0_DefaultInterruptHandler                      (abs)        000000
_INT0_InterruptHandler                             bssCOMRAM    000540
_INT0_SetInterruptHandler                          text40       0056A2
_INT1_DefaultInterruptHandler                      (abs)        000000
_INT1_InterruptHandler                             bssCOMRAM    00053D
_INT1_SetInterruptHandler                          text39       005694
_INT2_DefaultInterruptHandler                      (abs)        000000
_INT2_InterruptHandler                             bssCOMRAM    00053A
_INT2_SetInterruptHandler                          text38       005686
_INTCON0bits                                       (abs)        0004D6
_INTERRUPT_Initialize                              text37       00537E
_INTERRUPT_InterruptManager                        text42       004CB6
_IOCAF                                             (abs)        000407
_IOCAN                                             (abs)        000406
_IOCAP                                             (abs)        000405
_IOCBF                                             (abs)        00040F
_IOCBN                                             (abs)        00040E
_IOCBP                                             (abs)        00040D
_IOCCF                                             (abs)        000417
_IOCCN                                             (abs)        000416
_IOCCP                                             (abs)        000415
_IOCEF                                             (abs)        000427
_IOCEN                                             (abs)        000426
_IOCEP                                             (abs)        000425
_Key_count                                         bssBANK5     0005D6
_LATA                                              (abs)        0004BE
_LATB                                              (abs)        0004BF
_LATC                                              (abs)        0004C0
_LATD                                              (abs)        0004C1
_LATE                                              (abs)        0004C2
_LATF                                              (abs)        0004C3
_LATFbits                                          (abs)        0004C3
_ODCONA                                            (abs)        000402
_ODCONB                                            (abs)        00040A
_ODCONC                                            (abs)        000412
_ODCOND                                            (abs)        00041A
_ODCONE                                            (abs)        000422
_ODCONF                                            (abs)        00042A
_OSCCON1                                           (abs)        0000AD
_OSCCON3                                           (abs)        0000AF
_OSCEN                                             (abs)        0000B3
_OSCFRQ                                            (abs)        0000B1
_OSCTUNE                                           (abs)        0000B0
_PIE3bits                                          (abs)        0004A1
_PIE4bits                                          (abs)        0004A2
_PIN_MANAGER_Initialize                            text36       004BDC
_PIR10bits                                         (abs)        0004B8
_PIR1bits                                          (abs)        0004AF
_PIR3bits                                          (abs)        0004B1
_PIR4bits                                          (abs)        0004B2
_PIR6bits                                          (abs)        0004B4
_RB1I2C                                            (abs)        000289
_RB2I2C                                            (abs)        000288
_RC3I2C                                            (abs)        000287
_RC4I2C                                            (abs)        000286
_RF0PPS                                            (abs)        000229
_SLRCONA                                           (abs)        000403
_SLRCONB                                           (abs)        00040B
_SLRCONC                                           (abs)        000413
_SLRCOND                                           (abs)        00041B
_SLRCONE                                           (abs)        000423
_SLRCONF                                           (abs)        00042B
_SYSTEM_Initialize                                 text28       005654
_T1CLK                                             (abs)        000321
_T1CON                                             (abs)        00031E
_T1CONbits                                         (abs)        00031E
_T1GATE                                            (abs)        000320
_T1GCON                                            (abs)        00031F
_T1GCONbits                                        (abs)        00031F
_T1GPPS                                            (abs)        000243
_T1G_FLAG                                          bssBANK5     0005F2
_TMR1H                                             (abs)        00031D
_TMR1L                                             (abs)        00031C
_TMR1_DefaultGateCallback                          text52       0056B0
_TMR1_DefaultOverflowCallback                      text49       0054A4
_TMR1_GateCallback                                 nvBANK5      0005F3
_TMR1_GateCallbackRegister                         text35       005678
_TMR1_GateISR                                      text51       0054DA
_TMR1_Initialize                                   text33       0051C2
_TMR1_InterruptHandler                             bssBANK5     0005E9
_TMR1_OverflowCallback                             nvBANK5      0005F6
_TMR1_OverflowCallbackRegister                     text34       00566A
_TMR1_OverflowISR                                  text47       0053BE
_TMR1_PeriodCountSet                               (abs)        000000
_TMR1_Start                                        (abs)        000000
_TMR1_StartSinglePulseAcquisition                  text27       0056B8
_TMR1_Stop                                         (abs)        000000
_TMR1_Write                                        text48       00550E
_TRISA                                             (abs)        0004C6
_TRISB                                             (abs)        0004C7
_TRISC                                             (abs)        0004C8
_TRISD                                             (abs)        0004C9
_TRISE                                             (abs)        0004CA
_TRISF                                             (abs)        0004CB
_Timer1                                            smallconst   002649
_U1BRGH                                            (abs)        0002AF
_U1BRGL                                            (abs)        0002AE
_U1CON0                                            (abs)        0002AB
_U1CON0bits                                        (abs)        0002AB
_U1CON1                                            (abs)        0002AC
_U1CON1bits                                        (abs)        0002AC
_U1CON2                                            (abs)        0002AD
_U1ERRIE                                           (abs)        0002B3
_U1ERRIR                                           (abs)        0002B2
_U1ERRIRbits                                       (abs)        0002B2
_U1FIFO                                            (abs)        0002B0
_U1P1H                                             (abs)        0002A6
_U1P1L                                             (abs)        0002A5
_U1P2H                                             (abs)        0002A8
_U1P2L                                             (abs)        0002A7
_U1P3H                                             (abs)        0002AA
_U1P3L                                             (abs)        0002A9
_U1RXB                                             (abs)        0002A1
_U1RXCHK                                           (abs)        0002A2
_U1RXPPS                                           (abs)        000272
_U1TXB                                             (abs)        0002A3
_U1TXCHK                                           (abs)        0002A4
_U1UIR                                             (abs)        0002B1
_U1UIRbits                                         (abs)        0002B1
_UART1                                             smallconst   002601
_UART1_AutoBaudQuery                               (abs)        000000
_UART1_AutoBaudSet                                 (abs)        000000
_UART1_DefaultFramingErrorCallback                 text46       0056C0
_UART1_DefaultOverrunErrorCallback                 text45       0056BE
_UART1_DefaultParityErrorCallback                  (abs)        000000
_UART1_Deinitialize                                (abs)        000000
_UART1_ErrorGet                                    (abs)        000000
_UART1_FramingErrorCallbackRegister                text32       0055CA
_UART1_FramingErrorHandler                         bssBANK5     0005E6
_UART1_Initialize                                  text29       004F20
_UART1_IsRxReady                                   (abs)        000000
_UART1_IsTxDone                                    (abs)        000000
_UART1_IsTxReady                                   text14       00563E
_UART1_OverrunErrorCallbackRegister                text31       0055A8
_UART1_OverrunErrorHandler                         bssBANK5     0005E3
_UART1_ParityErrorCallbackRegister                 text30       005586
_UART1_ParityErrorHandler                          bssBANK5     0005E0
_UART1_Read                                        (abs)        000000
_UART1_ReceiveISR                                  text44       004AEC
_UART1_RxCompleteCallbackRegister                  (abs)        000000
_UART1_RxCompleteInterruptHandler                  bssBANK5     0005DA
_UART1_RxInterruptHandler                          nvBANK5      0005F9
_UART1_TransmitDisable                             (abs)        000000
_UART1_TransmitEnable                              (abs)        000000
_UART1_TransmitISR                                 text43       00546E
_UART1_TxCompleteCallbackRegister                  (abs)        000000
_UART1_TxCompleteInterruptHandler                  bssBANK5     0005DD
_UART1_TxInterruptHandler                          nvBANK5      0005FC
_UART1_Write                                       text13       005266
_WPUA                                              (abs)        000401
_WPUB                                              (abs)        000409
_WPUC                                              (abs)        000411
_WPUD                                              (abs)        000419
_WPUE                                              (abs)        000421
_WPUF                                              (abs)        000429
__HRAM                                             (abs)        000000
__H__absolute__                                    __absolute__ 000000
__Habs1                                            abs1         000000
__Hbank10                                          bank10       000000
__Hbank11                                          bank11       000000
__Hbank12                                          bank12       000000
__Hbank13                                          bank13       000000
__Hbank14                                          bank14       000000
__Hbank15                                          bank15       000000
__Hbank16                                          bank16       000000
__Hbank17                                          bank17       000000
__Hbank18                                          bank18       000000
__Hbank19                                          bank19       000000
__Hbank20                                          bank20       000000
__Hbank21                                          bank21       000000
__Hbank22                                          bank22       000000
__Hbank23                                          bank23       000000
__Hbank24                                          bank24       000000
__Hbank25                                          bank25       000000
__Hbank26                                          bank26       000000
__Hbank27                                          bank27       000000
__Hbank28                                          bank28       000000
__Hbank29                                          bank29       000000
__Hbank30                                          bank30       000000
__Hbank31                                          bank31       000000
__Hbank32                                          bank32       000000
__Hbank33                                          bank33       000000
__Hbank34                                          bank34       000000
__Hbank35                                          bank35       000000
__Hbank36                                          bank36       000000
__Hbank5                                           bank5        000000
__Hbank6                                           bank6        000000
__Hbank7                                           bank7        000000
__Hbank8                                           bank8        000000
__Hbank9                                           bank9        000000
__Hbigbss                                          bigbss       000000
__Hbigdata                                         bigdata      000000
__Hbigram                                          bigram       000000
__Hbigsfr                                          bigsfr       000000
__Hbss                                             bss          000000
__HbssBANK5                                        bssBANK5     000000
__HbssBANK6                                        bssBANK6     000000
__HbssCOMRAM                                       bssCOMRAM    000000
__Hcinit                                           cinit        000000
__Hclrtext                                         clrtext      000000
__Hcomram                                          comram       000000
__Hconfig                                          config       30000A
__Hconst                                           const        000000
__HcstackBANK5                                     cstackBANK5  000000
__HcstackBANK6                                     cstackBANK6  000000
__HcstackCOMRAM                                    cstackCOMRAM 000000
__Hdata                                            data         000000
__Heeprom_data                                     eeprom_data  000000
__Hfarbss                                          farbss       000000
__Hfardata                                         fardata      000000
__Hheap                                            heap         000000
__Hibigdata                                        ibigdata     000000
__Hidata                                           idata        000000
__Hidloc                                           idloc        000000
__Hifardata                                        ifardata     000000
__Hinit                                            init         00001E
__Hintsave_regs                                    intsave_regs 000000
__Hirdata                                          irdata       000000
__Hivt0x8                                          ivt0x8       00001A
__Hmediumconst                                     mediumconst  000000
__HnvBANK5                                         nvBANK5      000000
__HnvFARRAM                                        nvFARRAM     000000
__Hnvbit                                           nvbit        000000
__Hnvrram                                          nvrram       000000
__Hparam                                           rparam       000000
__Hpowerup                                         powerup      000000
__Hram                                             ram          000000
__Hramtop                                          ramtop       002600
__Hrbit                                            rbit         000000
__Hrbss                                            rbss         000000
__Hrdata                                           rdata        000000
__Hreset_vec                                       reset_vec    000004
__Hrparam                                          rparam       000000
__Hsfr                                             sfr          000000
__Hsmallconst                                      smallconst   0026B0
__Hspace_0                                         (abs)        0056C2
__Hspace_1                                         (abs)        000660
__Hspace_2                                         (abs)        000000
__Hspace_4                                         (abs)        60000A
__Hstack                                           stack        000000
__Hstruct                                          struct       000000
__Htemp                                            temp         000000
__Htext                                            text         000000
__Htext0                                           text0        000000
__Htext1                                           text1        000000
__Htext10                                          text10       000000
__Htext11                                          text11       000000
__Htext12                                          text12       000000
__Htext13                                          text13       000000
__Htext14                                          text14       000000
__Htext15                                          text15       000000
__Htext16                                          text16       000000
__Htext17                                          text17       000000
__Htext18                                          text18       000000
__Htext19                                          text19       000000
__Htext2                                           text2        000000
__Htext20                                          text20       000000
__Htext21                                          text21       000000
__Htext22                                          text22       000000
__Htext23                                          text23       000000
__Htext24                                          text24       000000
__Htext25                                          text25       000000
__Htext26                                          text26       000000
__Htext27                                          text27       000000
__Htext28                                          text28       000000
__Htext29                                          text29       000000
__Htext3                                           text3        000000
__Htext30                                          text30       000000
__Htext31                                          text31       000000
__Htext32                                          text32       000000
__Htext33                                          text33       000000
__Htext34                                          text34       000000
__Htext35                                          text35       000000
__Htext36                                          text36       000000
__Htext37                                          text37       000000
__Htext38                                          text38       000000
__Htext39                                          text39       000000
__Htext4                                           text4        000000
__Htext40                                          text40       000000
__Htext41                                          text41       000000
__Htext42                                          text42       000000
__Htext43                                          text43       000000
__Htext44                                          text44       000000
__Htext45                                          text45       000000
__Htext46                                          text46       000000
__Htext47                                          text47       000000
__Htext48                                          text48       000000
__Htext49                                          text49       000000
__Htext5                                           text5        000000
__Htext50                                          text50       000000
__Htext51                                          text51       000000
__Htext52                                          text52       000000
__Htext53                                          text53       000000
__Htext6                                           text6        000000
__Htext7                                           text7        000000
__Htext8                                           text8        000000
__Htext9                                           text9        000000
__LRAM                                             (abs)        000001
__L__absolute__                                    __absolute__ 000000
__Labs1                                            abs1         000000
__Lbank10                                          bank10       000000
__Lbank11                                          bank11       000000
__Lbank12                                          bank12       000000
__Lbank13                                          bank13       000000
__Lbank14                                          bank14       000000
__Lbank15                                          bank15       000000
__Lbank16                                          bank16       000000
__Lbank17                                          bank17       000000
__Lbank18                                          bank18       000000
__Lbank19                                          bank19       000000
__Lbank20                                          bank20       000000
__Lbank21                                          bank21       000000
__Lbank22                                          bank22       000000
__Lbank23                                          bank23       000000
__Lbank24                                          bank24       000000
__Lbank25                                          bank25       000000
__Lbank26                                          bank26       000000
__Lbank27                                          bank27       000000
__Lbank28                                          bank28       000000
__Lbank29                                          bank29       000000
__Lbank30                                          bank30       000000
__Lbank31                                          bank31       000000
__Lbank32                                          bank32       000000
__Lbank33                                          bank33       000000
__Lbank34                                          bank34       000000
__Lbank35                                          bank35       000000
__Lbank36                                          bank36       000000
__Lbank5                                           bank5        000000
__Lbank6                                           bank6        000000
__Lbank7                                           bank7        000000
__Lbank8                                           bank8        000000
__Lbank9                                           bank9        000000
__Lbigbss                                          bigbss       000000
__Lbigdata                                         bigdata      000000
__Lbigram                                          bigram       000000
__Lbigsfr                                          bigsfr       000000
__Lbss                                             bss          000000
__LbssBANK5                                        bssBANK5     000000
__LbssBANK6                                        bssBANK6     000000
__LbssCOMRAM                                       bssCOMRAM    000000
__Lcinit                                           cinit        000000
__Lclrtext                                         clrtext      000000
__Lcomram                                          comram       000000
__Lconfig                                          config       000000
__Lconst                                           const        000000
__LcstackBANK5                                     cstackBANK5  000000
__LcstackBANK6                                     cstackBANK6  000000
__LcstackCOMRAM                                    cstackCOMRAM 000000
__Ldata                                            data         000000
__Leeprom_data                                     eeprom_data  000000
__Lfarbss                                          farbss       000000
__Lfardata                                         fardata      000000
__Lheap                                            heap         000000
__Libigdata                                        ibigdata     000000
__Lidata                                           idata        000000
__Lidloc                                           idloc        000000
__Lifardata                                        ifardata     000000
__Linit                                            init         00001A
__Lintsave_regs                                    intsave_regs 000000
__Lirdata                                          irdata       000000
__Livt0x8                                          ivt0x8       000008
__Lmediumconst                                     mediumconst  000000
__LnvBANK5                                         nvBANK5      000000
__LnvFARRAM                                        nvFARRAM     000000
__Lnvbit                                           nvbit        000000
__Lnvrram                                          nvrram       000000
__Lparam                                           rparam       000000
__Lpowerup                                         powerup      000000
__Lram                                             ram          000000
__Lramtop                                          ramtop       002600
__Lrbit                                            rbit         000000
__Lrbss                                            rbss         000000
__Lrdata                                           rdata        000000
__Lreset_vec                                       reset_vec    000000
__Lrparam                                          rparam       000000
__Lsfr                                             sfr          000000
__Lsmallconst                                      smallconst   002600
__Lspace_0                                         (abs)        000000
__Lspace_1                                         (abs)        000000
__Lspace_2                                         (abs)        000000
__Lspace_4                                         (abs)        000000
__Lstack                                           stack        000000
__Lstruct                                          struct       000000
__Ltemp                                            temp         000000
__Ltext                                            text         000000
__Ltext0                                           text0        000000
__Ltext1                                           text1        000000
__Ltext10                                          text10       000000
__Ltext11                                          text11       000000
__Ltext12                                          text12       000000
__Ltext13                                          text13       000000
__Ltext14                                          text14       000000
__Ltext15                                          text15       000000
__Ltext16                                          text16       000000
__Ltext17                                          text17       000000
__Ltext18                                          text18       000000
__Ltext19                                          text19       000000
__Ltext2                                           text2        000000
__Ltext20                                          text20       000000
__Ltext21                                          text21       000000
__Ltext22                                          text22       000000
__Ltext23                                          text23       000000
__Ltext24                                          text24       000000
__Ltext25                                          text25       000000
__Ltext26                                          text26       000000
__Ltext27                                          text27       000000
__Ltext28                                          text28       000000
__Ltext29                                          text29       000000
__Ltext3                                           text3        000000
__Ltext30                                          text30       000000
__Ltext31                                          text31       000000
__Ltext32                                          text32       000000
__Ltext33                                          text33       000000
__Ltext34                                          text34       000000
__Ltext35                                          text35       000000
__Ltext36                                          text36       000000
__Ltext37                                          text37       000000
__Ltext38                                          text38       000000
__Ltext39                                          text39       000000
__Ltext4                                           text4        000000
__Ltext40                                          text40       000000
__Ltext41                                          text41       000000
__Ltext42                                          text42       000000
__Ltext43                                          text43       000000
__Ltext44                                          text44       000000
__Ltext45                                          text45       000000
__Ltext46                                          text46       000000
__Ltext47                                          text47       000000
__Ltext48                                          text48       000000
__Ltext49                                          text49       000000
__Ltext5                                           text5        000000
__Ltext50                                          text50       000000
__Ltext51                                          text51       000000
__Ltext52                                          text52       000000
__Ltext53                                          text53       000000
__Ltext6                                           text6        000000
__Ltext7                                           text7        000000
__Ltext8                                           text8        000000
__Ltext9                                           text9        000000
__S0                                               (abs)        0056C2
__S1                                               (abs)        000660
__S4                                               (abs)        000000
__S5                                               (abs)        000000
___fladd                                           text21       0030D0
___fladd@a                                         cstackCOMRAM 000517
___fladd@aexp                                      cstackCOMRAM 000520
___fladd@b                                         cstackCOMRAM 000513
___fladd@bexp                                      cstackCOMRAM 000521
___fladd@grs                                       cstackCOMRAM 000522
___fladd@signs                                     cstackCOMRAM 00051F
___fldiv                                           text26       003E7A
___fldiv@a                                         cstackCOMRAM 000517
___fldiv@aexp                                      cstackCOMRAM 00052B
___fldiv@b                                         cstackCOMRAM 000513
___fldiv@bexp                                      cstackCOMRAM 00052A
___fldiv@grs                                       cstackCOMRAM 000526
___fldiv@new_exp                                   cstackCOMRAM 000524
___fldiv@rem                                       cstackCOMRAM 00051F
___fldiv@sign                                      cstackCOMRAM 000523
___fleq                                            text25       004FE2
___fleq@ff1                                        cstackCOMRAM 000513
___fleq@ff2                                        cstackCOMRAM 000517
___flge                                            text24       0048EA
___flge@ff1                                        cstackCOMRAM 00052C
___flge@ff2                                        cstackCOMRAM 000530
___flmul                                           text23       003A50
___flmul@a                                         cstackCOMRAM 000517
___flmul@aexp                                      cstackCOMRAM 000520
___flmul@b                                         cstackCOMRAM 000513
___flmul@bexp                                      cstackCOMRAM 000525
___flmul@grs                                       cstackCOMRAM 000521
___flmul@prod                                      cstackCOMRAM 000526
___flmul@sign                                      cstackCOMRAM 00051F
___flmul@temp                                      cstackCOMRAM 00052A
___flneg                                           text22       005436
___flneg@f1                                        cstackCOMRAM 000513
___flsub                                           text20       0052B0
___flsub@a                                         cstackCOMRAM 000530
___flsub@b                                         cstackCOMRAM 00052C
___fltol                                           text19       0047E4
___fltol@exp1                                      cstackCOMRAM 00051C
___fltol@f1                                        cstackCOMRAM 000513
___fltol@sign1                                     cstackCOMRAM 00051B
___fpclassifyf                                     text18       0049EE
___fpclassifyf@F465                                bssBANK5     0005D2
___fpclassifyf@e                                   cstackCOMRAM 00051B
___fpclassifyf@u                                   cstackCOMRAM 00051D
___fpclassifyf@x                                   cstackCOMRAM 000513
___heap_hi                                         (abs)        000000
___heap_lo                                         (abs)        000000
___inthi_sp                                        stack        000000
___intlo_sp                                        stack        000000
___param_bank                                      (abs)        000000
___rparam_used                                     (abs)        000001
___sp                                              stack        000000
___wmul                                            text6        005560
___wmul@multiplicand                               cstackCOMRAM 000515
___wmul@multiplier                                 cstackCOMRAM 000513
___wmul@product                                    cstackCOMRAM 000517
__accesstop                                        (abs)        000560
__activetblptr                                     (abs)        000003
__end_of_CLOCK_Initialize                          text41       005626
__end_of_INT0_SetInterruptHandler                  text40       0056B0
__end_of_INT1_SetInterruptHandler                  text39       0056A2
__end_of_INT2_SetInterruptHandler                  text38       005694
__end_of_INTERRUPT_Initialize                      text37       0053BE
__end_of_INTERRUPT_InterruptManager                text42       004D88
__end_of_PIN_MANAGER_Initialize                    text36       004CB6
__end_of_SYSTEM_Initialize                         text28       00566A
__end_of_TMR1_DefaultGateCallback                  text52       0056B8
__end_of_TMR1_DefaultOverflowCallback              text49       0054DA
__end_of_TMR1_GateCallbackRegister                 text35       005686
__end_of_TMR1_GateISR                              text51       00550E
__end_of_TMR1_Initialize                           text33       005216
__end_of_TMR1_OverflowCallbackRegister             text34       005678
__end_of_TMR1_OverflowISR                          text47       0053FE
__end_of_TMR1_StartSinglePulseAcquisition          text27       0056BE
__end_of_TMR1_Write                                text48       005538
__end_of_Timer1                                    smallconst   00265B
__end_of_UART1                                     smallconst   002649
__end_of_UART1_DefaultFramingErrorCallback         text46       0056C2
__end_of_UART1_DefaultOverrunErrorCallback         text45       0056C0
__end_of_UART1_FramingErrorCallbackRegister        text32       0055EC
__end_of_UART1_Initialize                          text29       004FE2
__end_of_UART1_IsTxReady                           text14       005654
__end_of_UART1_OverrunErrorCallbackRegister        text31       0055CA
__end_of_UART1_ParityErrorCallbackRegister         text30       0055A8
__end_of_UART1_ReceiveISR                          text44       004BDC
__end_of_UART1_TransmitISR                         text43       0054A4
__end_of_UART1_Write                               text13       0052B0
__end_of___fladd                                   text21       003590
__end_of___fldiv                                   text26       004214
__end_of___fleq                                    text25       00508C
__end_of___flge                                    text24       0049EE
__end_of___flmul                                   text23       003E7A
__end_of___flneg                                   text22       00546E
__end_of___flsub                                   text20       0052F6
__end_of___fltol                                   text19       0048EA
__end_of___fpclassifyf                             text18       004AEC
__end_of___wmul                                    text6        005586
__end_of__initialization                           cinit        005430
__end_of_efgtoa                                    text7        0030D0
__end_of_floorf                                    text17       0046AE
__end_of_fputc                                     text11       004F20
__end_of_fputs                                     text10       00537E
__end_of_labs                                      text16       00516C
__end_of_main                                      text0        00563E
__end_of_main_count                                text1        0047E4
__end_of_memcpy                                    text15       005266
__end_of_pad                                       text9        005106
__end_of_printf                                    text2        005560
__end_of_putch                                     text12       00560A
__end_of_read_prec_or_width                        text5        004E56
__end_of_strcpy                                    text8        00533A
__end_of_vfpfcnvrt                                 text4        004498
__end_of_vfprintf                                  text3        0051C2
__end_ofi2___fladd                                 text50       003A50
__initialization                                   cinit        0053FE
__mediumconst                                      mediumconst  000000
__pbssBANK5                                        bssBANK5     0005AE
__pbssBANK6                                        bssBANK6     000600
__pbssCOMRAM                                       bssCOMRAM    00053A
__pcinit                                           cinit        0053FE
__pcstackBANK5                                     cstackBANK5  000560
__pcstackBANK6                                     cstackBANK6  000650
__pcstackCOMRAM                                    cstackCOMRAM 000501
__pivt0x8                                          ivt0x8       000008
__pnvBANK5                                         nvBANK5      0005F3
__psmallconst                                      smallconst   002600
__ptext0                                           text0        005626
__ptext1                                           text1        0046AE
__ptext10                                          text10       00533A
__ptext11                                          text11       004E56
__ptext12                                          text12       0055EC
__ptext13                                          text13       005266
__ptext14                                          text14       00563E
__ptext15                                          text15       005216
__ptext16                                          text16       005106
__ptext17                                          text17       004498
__ptext18                                          text18       0049EE
__ptext19                                          text19       0047E4
__ptext2                                           text2        005538
__ptext20                                          text20       0052B0
__ptext21                                          text21       0030D0
__ptext22                                          text22       005436
__ptext23                                          text23       003A50
__ptext24                                          text24       0048EA
__ptext25                                          text25       004FE2
__ptext26                                          text26       003E7A
__ptext27                                          text27       0056B8
__ptext28                                          text28       005654
__ptext29                                          text29       004F20
__ptext3                                           text3        00516C
__ptext30                                          text30       005586
__ptext31                                          text31       0055A8
__ptext32                                          text32       0055CA
__ptext33                                          text33       0051C2
__ptext34                                          text34       00566A
__ptext35                                          text35       005678
__ptext36                                          text36       004BDC
__ptext37                                          text37       00537E
__ptext38                                          text38       005686
__ptext39                                          text39       005694
__ptext4                                           text4        004214
__ptext40                                          text40       0056A2
__ptext41                                          text41       00560A
__ptext42                                          text42       004CB6
__ptext43                                          text43       00546E
__ptext44                                          text44       004AEC
__ptext45                                          text45       0056BE
__ptext46                                          text46       0056C0
__ptext47                                          text47       0053BE
__ptext48                                          text48       00550E
__ptext49                                          text49       0054A4
__ptext5                                           text5        004D88
__ptext50                                          text50       003590
__ptext51                                          text51       0054DA
__ptext52                                          text52       0056B0
__ptext53                                          text53       000000
__ptext6                                           text6        005560
__ptext7                                           text7        0026B0
__ptext8                                           text8        0052F6
__ptext9                                           text9        00508C
__ramtop                                           ramtop       002600
__smallconst                                       smallconst   002600
_dbuf                                              bssBANK6     000600
_efgtoa                                            text7        0026B0
_efgtoa$1943                                       cstackBANK5  000577
_flags                                             bssBANK5     0005F0
_floorf                                            text17       004498
_fputc                                             text11       004E56
_fputs                                             text10       00533A
_labs                                              text16       005106
_main                                              text0        005626
_main_count                                        text1        0046AE
_main_state                                        bssBANK5     0005F1
_memcpy                                            text15       005216
_pad                                               text9        00508C
_prec                                              bssCOMRAM    000543
_printf                                            text2        005538
_putch                                             text12       0055EC
_read_prec_or_width                                text5        004D88
_strcpy                                            text8        0052F6
_timer1ReloadVal                                   bssCOMRAM    000545
_uart1RxBuffer                                     bssBANK5     0005BE
_uart1RxCount                                      bssCOMRAM    000547
_uart1RxHead                                       bssCOMRAM    000549
_uart1RxLastError                                  bssBANK5     0005EE
_uart1RxStatusBuffer                               bssBANK5     0005AE
_uart1RxTail                                       bssCOMRAM    000548
_uart1TxBuffer                                     bssBANK5     0005C6
_uart1TxBufferRemaining                            bssCOMRAM    00054A
_uart1TxHead                                       bssCOMRAM    00054C
_uart1TxTail                                       bssCOMRAM    00054B
_vfpfcnvrt                                         text4        004214
_vfprintf                                          text3        00516C
_width                                             bssBANK5     0005EC
efgtoa@c                                           cstackBANK5  000570
efgtoa@d                                           cstackBANK5  00057C
efgtoa@e                                           cstackBANK5  000580
efgtoa@f                                           cstackBANK5  00056C
efgtoa@fp                                          cstackBANK5  00056A
efgtoa@g                                           cstackBANK5  000593
efgtoa@h                                           cstackBANK5  00058A
efgtoa@i                                           cstackBANK5  000588
efgtoa@l                                           cstackBANK5  00058E
efgtoa@m                                           cstackBANK5  00057E
efgtoa@mode                                        cstackBANK5  00057A
efgtoa@n                                           cstackBANK5  000597
efgtoa@ne                                          cstackBANK5  000571
efgtoa@nmode                                       cstackBANK5  00057B
efgtoa@ou                                          cstackBANK5  000584
efgtoa@p                                           cstackBANK5  000573
efgtoa@pp                                          cstackBANK5  000579
efgtoa@sign                                        cstackBANK5  000592
efgtoa@t                                           cstackBANK5  000575
efgtoa@u                                           cstackBANK5  000599
efgtoa@w                                           cstackBANK5  000582
end_of_initialization                              cinit        005430
floorf@F526                                        bssBANK5     0005CE
floorf@e                                           cstackBANK5  000564
floorf@m                                           cstackBANK5  000560
floorf@u                                           cstackBANK5  000566
floorf@x                                           cstackCOMRAM 00052C
fputc@c                                            cstackCOMRAM 000516
fputc@fp                                           cstackCOMRAM 000518
fputs@c                                            cstackCOMRAM 000523
fputs@fp                                           cstackCOMRAM 000521
fputs@i                                            cstackCOMRAM 000524
fputs@s                                            cstackCOMRAM 00051F
i2___fladd                                         text50       003590
i2___fladd@a                                       cstackCOMRAM 000505
i2___fladd@aexp                                    cstackCOMRAM 00050E
i2___fladd@b                                       cstackCOMRAM 000501
i2___fladd@bexp                                    cstackCOMRAM 00050F
i2___fladd@grs                                     cstackCOMRAM 000510
i2___fladd@signs                                   cstackCOMRAM 00050D
intlevel0                                          text         000000
intlevel1                                          text         000000
intlevel2                                          text         000000
intlevel3                                          text         000000
isa$std                                            (abs)        000001
isa$xinst                                          (abs)        000000
ivt0x8_base                                        ivt0x8       000008
labs@a                                             cstackCOMRAM 000513
memcpy@d                                           cstackCOMRAM 00051A
memcpy@d1                                          cstackCOMRAM 000513
memcpy@n                                           cstackCOMRAM 000517
memcpy@s                                           cstackCOMRAM 00051C
memcpy@s1                                          cstackCOMRAM 000515
memcpy@tmp                                         cstackCOMRAM 000519
pad@buf                                            cstackCOMRAM 000528
pad@fp                                             cstackCOMRAM 000526
pad@i                                              cstackCOMRAM 00052D
pad@p                                              cstackCOMRAM 00052A
pad@w                                              cstackCOMRAM 00052F
printf@ap                                          cstackBANK6  00065C
printf@fmt                                         cstackBANK6  000656
putch@txData                                       cstackCOMRAM 000515
read_prec_or_width@ap                              cstackCOMRAM 00051B
read_prec_or_width@c                               cstackCOMRAM 00051F
read_prec_or_width@fmt                             cstackCOMRAM 000519
read_prec_or_width@n                               cstackCOMRAM 000520
stackhi                                            (abs)        000000
stacklo                                            (abs)        000000
start                                              init         00001A
start_initialization                               cinit        0053FE
strcpy@d                                           cstackCOMRAM 000519
strcpy@dest                                        cstackCOMRAM 000513
strcpy@s                                           cstackCOMRAM 000517
strcpy@src                                         cstackCOMRAM 000515
vfpfcnvrt@ap                                       cstackBANK5  0005A1
vfpfcnvrt@c                                        cstackBANK5  0005A9
vfpfcnvrt@convarg                                  cstackBANK5  0005A5
vfpfcnvrt@cp                                       cstackBANK5  0005AA
vfpfcnvrt@fmt                                      cstackBANK5  00059F
vfpfcnvrt@fp                                       cstackBANK5  00059D
vfprintf@ap                                        cstackBANK6  000654
vfprintf@cfmt                                      cstackBANK5  0005AC
vfprintf@fmt                                       cstackBANK6  000652
vfprintf@fp                                        cstackBANK6  000650


MODULE INFORMATION

Module		Function		Class		Link	Load	Size
C:\Program Files\Microchip\xc8\v2.41\pic\sources\c99\common\__fpclassifyf.c
		___fpclassifyf 		CODE           	49EE	0000	254

C:\Program Files\Microchip\xc8\v2.41\pic\sources\c99\common\__fpclassifyf.c estimated size: 254

C:\Program Files\Microchip\xc8\v2.41\pic\sources\c99\common\floorf.c
		_floorf        		CODE           	4498	0000	534

C:\Program Files\Microchip\xc8\v2.41\pic\sources\c99\common\floorf.c estimated size: 534

C:\Program Files\Microchip\xc8\v2.41\pic\sources\c99\common\flge.c
		___flge        		CODE           	48EA	0000	260

C:\Program Files\Microchip\xc8\v2.41\pic\sources\c99\common\flge.c estimated size: 260

C:\Program Files\Microchip\xc8\v2.41\pic\sources\c99\common\fltol.c
		___fltol       		CODE           	47E4	0000	262

C:\Program Files\Microchip\xc8\v2.41\pic\sources\c99\common\fltol.c estimated size: 262

C:\Program Files\Microchip\xc8\v2.41\pic\sources\c99\common\nf_fputc.c
		_fputc         		CODE           	4E56	0000	202

C:\Program Files\Microchip\xc8\v2.41\pic\sources\c99\common\nf_fputc.c estimated size: 202

C:\Program Files\Microchip\xc8\v2.41\pic\sources\c99\common\strcpy.c
		_strcpy        		CODE           	52F6	0000	68

C:\Program Files\Microchip\xc8\v2.41\pic\sources\c99\common\strcpy.c estimated size: 68

C:\Program Files\Microchip\xc8\v2.41\pic\sources\c99\common\sprcadd.c
		___flsub       		CODE           	52B0	0000	70
		___fladd       		CODE           	30D0	0000	1216

C:\Program Files\Microchip\xc8\v2.41\pic\sources\c99\common\sprcadd.c estimated size: 1286

mcc_generated_files/timer/src/tmr1.c
		_TMR1_Initialize		CODE           	51C2	0000	84
		_TMR1_Write    		CODE           	550E	0000	42
		_TMR1_StartSinglePulseAcquisition		CODE           	56B8	0000	6
		_TMR1_OverflowCallbackRegister		CODE           	566A	0000	14
		_TMR1_DefaultOverflowCallback		CODE           	54A4	0000	54
		_TMR1_GateCallbackRegister		CODE           	5678	0000	14
		_TMR1_DefaultGateCallback		CODE           	56B0	0000	8
		_TMR1_GateISR  		CODE           	54DA	0000	52
		_TMR1_OverflowISR		CODE           	53BE	0000	64

mcc_generated_files/timer/src/tmr1.c estimated size: 338

mcc_generated_files/system/src/interrupt.c
		_INT0_SetInterruptHandler		CODE           	56A2	0000	14
		_INT1_SetInterruptHandler		CODE           	5694	0000	14
		_INT2_SetInterruptHandler		CODE           	5686	0000	14
		_INTERRUPT_Initialize		CODE           	537E	0000	64
		_INTERRUPT_InterruptManager		CODE           	4CB6	0000	210

mcc_generated_files/system/src/interrupt.c estimated size: 316

C:\Program Files\Microchip\xc8\v2.41\pic\sources\c99\common\doprnt.c
		_read_prec_or_width		CODE           	4D88	0000	206
		_vfpfcnvrt     		CODE           	4214	0000	644
		_efgtoa        		CODE           	26B0	0000	2592
		_pad           		CODE           	508C	0000	122
		_vfprintf      		CODE           	516C	0000	86

C:\Program Files\Microchip\xc8\v2.41\pic\sources\c99\common\doprnt.c estimated size: 3650

mcc_generated_files/uart/src/uart1.c
		_UART1_DefaultOverrunErrorCallback		CODE           	56BE	0000	2
		_UART1_IsTxReady		CODE           	563E	0000	22
		_UART1_Write   		CODE           	5266	0000	74
		_putch         		CODE           	55EC	0000	30
		_UART1_FramingErrorCallbackRegister		CODE           	55CA	0000	34
		_UART1_OverrunErrorCallbackRegister		CODE           	55A8	0000	34
		_UART1_ReceiveISR		CODE           	4AEC	0000	240
		_UART1_Initialize		CODE           	4F20	0000	194
		_UART1_DefaultFramingErrorCallback		CODE           	56C0	0000	2
		_UART1_TransmitISR		CODE           	546E	0000	54
		_UART1_ParityErrorCallbackRegister		CODE           	5586	0000	34

mcc_generated_files/uart/src/uart1.c estimated size: 720

C:\Program Files\Microchip\xc8\v2.41\pic\sources\c99\common\flneg.c
		___flneg       		CODE           	5436	0000	56

C:\Program Files\Microchip\xc8\v2.41\pic\sources\c99\common\flneg.c estimated size: 56

C:\Program Files\Microchip\xc8\v2.41\pic\sources\c99\common\fleq.c
		___fleq        		CODE           	4FE2	0000	170

C:\Program Files\Microchip\xc8\v2.41\pic\sources\c99\common\fleq.c estimated size: 170

mcc_generated_files/system/src/pins.c
		_PIN_MANAGER_Initialize		CODE           	4BDC	0000	218

mcc_generated_files/system/src/pins.c estimated size: 218

shared
		_Timer1        		SMALLCONST     	2649	0000	18
		i2___fladd     		CODE           	3590	0000	1216
		__initialization		CODE           	53FE	0000	50
		_UART1         		SMALLCONST     	2601	0000	72

shared estimated size: 1356

C:\Program Files\Microchip\xc8\v2.41\pic\sources\c99\common\memcpy.c
		_memcpy        		CODE           	5216	0000	80

C:\Program Files\Microchip\xc8\v2.41\pic\sources\c99\common\memcpy.c estimated size: 80

C:\Program Files\Microchip\xc8\v2.41\pic\sources\c99\common\Umul16.c
		___wmul        		CODE           	5560	0000	38

C:\Program Files\Microchip\xc8\v2.41\pic\sources\c99\common\Umul16.c estimated size: 38

C:\Program Files\Microchip\xc8\v2.41\pic\sources\c99\common\nf_fputs.c
		_fputs         		CODE           	533A	0000	68

C:\Program Files\Microchip\xc8\v2.41\pic\sources\c99\common\nf_fputs.c estimated size: 68

mcc_generated_files/system/src/clock.c
		_CLOCK_Initialize		CODE           	560A	0000	28

mcc_generated_files/system/src/clock.c estimated size: 28

C:\Program Files\Microchip\xc8\v2.41\pic\sources\c99\common\labs.c
		_labs          		CODE           	5106	0000	102

C:\Program Files\Microchip\xc8\v2.41\pic\sources\c99\common\labs.c estimated size: 102

main.c
		_main_count    		CODE           	46AE	0000	310
		_main          		CODE           	5626	0000	24

main.c estimated size: 334

C:\Program Files\Microchip\xc8\v2.41\pic\sources\c99\common\sprcmul.c
		___flmul       		CODE           	3A50	0000	1066

C:\Program Files\Microchip\xc8\v2.41\pic\sources\c99\common\sprcmul.c estimated size: 1066

C:\Program Files\Microchip\xc8\v2.41\pic\sources\c99\common\printf.c
		_printf        		CODE           	5538	0000	40

C:\Program Files\Microchip\xc8\v2.41\pic\sources\c99\common\printf.c estimated size: 40

mcc_generated_files/system/src/system.c
		_SYSTEM_Initialize		CODE           	5654	0000	22

mcc_generated_files/system/src/system.c estimated size: 22

C:\Program Files\Microchip\xc8\v2.41\pic\sources\c99\common\sprcdiv.c
		___fldiv       		CODE           	3E7A	0000	922

C:\Program Files\Microchip\xc8\v2.41\pic\sources\c99\common\sprcdiv.c estimated size: 922

